--------------------------------------------------------------------------------
Release 14.7 Trace  (nt64)
Copyright (c) 1995-2013 Xilinx, Inc.  All rights reserved.

C:\Xilinx\14.7\ISE_DS\ISE\bin\nt64\unwrapped\trce.exe -intstyle ise -v 3 -s 3
-n 3 -fastpaths -xml FFT_main.twx FFT_main.ncd -o FFT_main.twr FFT_main.pcf
-ucf LEDs_ucf.ucf

Design file:              FFT_main.ncd
Physical constraint file: FFT_main.pcf
Device,package,speed:     xc7a100t,csg324,C,-3 (PRODUCTION 1.10 2013-10-13)
Report level:             verbose report

Environment Variable      Effect 
--------------------      ------ 
NONE                      No environment variables were set
--------------------------------------------------------------------------------

INFO:Timing:2698 - No timing constraints found, doing default enumeration.
INFO:Timing:3412 - To improve timing, see the Timing Closure User Guide (UG612).
INFO:Timing:2752 - To get complete path coverage, use the unconstrained paths 
   option. All paths that are not constrained will be reported in the 
   unconstrained paths section(s) of the report.
INFO:Timing:3339 - The clock-to-out numbers in this timing report are based on 
   a 50 Ohm transmission line loading model.  For the details of this model, 
   and for more information on accounting for different loading conditions, 
   please see the device datasheet.



Data Sheet report:
-----------------
All values displayed in nanoseconds (ns)

Setup/Hold to clock clk
------------+------------+------------+------------+------------+------------------+--------+
            |Max Setup to|  Process   |Max Hold to |  Process   |                  | Clock  |
Source      | clk (edge) |   Corner   | clk (edge) |   Corner   |Internal Clock(s) | Phase  |
------------+------------+------------+------------+------------+------------------+--------+
rst         |    1.227(R)|      FAST  |    1.356(R)|      SLOW  |clk_BUFGP         |   0.000|
------------+------------+------------+------------+------------+------------------+--------+

Clock clk to Pad
------------+-----------------+------------+-----------------+------------+------------------+--------+
            |Max (slowest) clk|  Process   |Min (fastest) clk|  Process   |                  | Clock  |
Destination |  (edge) to PAD  |   Corner   |  (edge) to PAD  |   Corner   |Internal Clock(s) | Phase  |
------------+-----------------+------------+-----------------+------------+------------------+--------+
sledctl<0>  |         9.699(R)|      SLOW  |         3.632(R)|      FAST  |clk_BUFGP         |   0.000|
sledctl<1>  |        10.074(R)|      SLOW  |         3.840(R)|      FAST  |clk_BUFGP         |   0.000|
sledctl<2>  |         9.222(R)|      SLOW  |         3.363(R)|      FAST  |clk_BUFGP         |   0.000|
sledctl<3>  |         9.656(R)|      SLOW  |         3.611(R)|      FAST  |clk_BUFGP         |   0.000|
sledctl<4>  |         9.354(R)|      SLOW  |         3.470(R)|      FAST  |clk_BUFGP         |   0.000|
sledctl<5>  |         9.640(R)|      SLOW  |         3.594(R)|      FAST  |clk_BUFGP         |   0.000|
sledctl<6>  |         9.040(R)|      SLOW  |         3.273(R)|      FAST  |clk_BUFGP         |   0.000|
spctl<0>    |         9.441(R)|      SLOW  |         3.490(R)|      FAST  |clk_BUFGP         |   0.000|
spctl<1>    |         9.278(R)|      SLOW  |         3.401(R)|      FAST  |clk_BUFGP         |   0.000|
spctl<2>    |         9.913(R)|      SLOW  |         3.734(R)|      FAST  |clk_BUFGP         |   0.000|
spctl<3>    |         9.452(R)|      SLOW  |         3.508(R)|      FAST  |clk_BUFGP         |   0.000|
spctl<4>    |         9.181(R)|      SLOW  |         3.356(R)|      FAST  |clk_BUFGP         |   0.000|
spctl<5>    |         9.441(R)|      SLOW  |         3.507(R)|      FAST  |clk_BUFGP         |   0.000|
spctl<6>    |        11.173(R)|      SLOW  |         4.547(R)|      FAST  |clk_BUFGP         |   0.000|
spctl<7>    |         9.935(R)|      SLOW  |         3.777(R)|      FAST  |clk_BUFGP         |   0.000|
------------+-----------------+------------+-----------------+------------+------------------+--------+

Clock to Setup on destination clock clk
---------------+---------+---------+---------+---------+
               | Src:Rise| Src:Fall| Src:Rise| Src:Fall|
Source Clock   |Dest:Rise|Dest:Rise|Dest:Fall|Dest:Fall|
---------------+---------+---------+---------+---------+
clk            |    4.899|         |         |         |
---------------+---------+---------+---------+---------+


Analysis completed Fri Jun 09 23:02:35 2017 
--------------------------------------------------------------------------------

Trace Settings:
-------------------------
Trace Settings 

Peak Memory Usage: 686 MB



